// Jest Snapshot v1, https://goo.gl/fbAQLP

exports[`renders \`Loading\` message 1`] = `
<div
  className="ProgressBar"
>
  Loading...
</div>
`;
