// Jest Snapshot v1, https://goo.gl/fbAQLP

exports[`renders correct initial page layout 1`] = `
<div
  className="App"
>
  <SearchBox
    onQuerySubmit={[Function]}
  />
  <SearchResultList
    movies={Array []}
  />
</div>
`;
